
 Ansys Mechanical Enterprise Academic Research     


 *------------------------------------------------------------------*
 |                                                                  |
 |   W E L C O M E   T O   T H E   A N S Y S (R)  P R O G R A M     |
 |                                                                  |
 *------------------------------------------------------------------*




 ***************************************************************
 *         ANSYS MAPDL 2024 R2          LEGAL NOTICES          *
 ***************************************************************
 *                                                             *
 * Copyright 1971-2024 Ansys, Inc.  All rights reserved.       *
 * Unauthorized use, distribution or duplication is            *
 * prohibited.                                                 *
 *                                                             *
 * Ansys is a registered trademark of Ansys, Inc. or its       *
 * subsidiaries in the United States or other countries.       *
 * See the Ansys, Inc. online documentation or the Ansys, Inc. *
 * documentation CD or online help for the complete Legal      *
 * Notice.                                                     *
 *                                                             *
 ***************************************************************
 *                                                             *
 * THIS ANSYS SOFTWARE PRODUCT AND PROGRAM DOCUMENTATION       *
 * INCLUDE TRADE SECRETS AND CONFIDENTIAL AND PROPRIETARY      *
 * PRODUCTS OF ANSYS, INC., ITS SUBSIDIARIES, OR LICENSORS.    *
 * The software products and documentation are furnished by    *
 * Ansys, Inc. or its subsidiaries under a software license    *
 * agreement that contains provisions concerning               *
 * non-disclosure, copying, length and nature of use,          *
 * compliance with exporting laws, warranties, disclaimers,    *
 * limitations of liability, and remedies, and other           *
 * provisions.  The software products and documentation may be *
 * used, disclosed, transferred, or copied only in accordance  *
 * with the terms and conditions of that software license      *
 * agreement.                                                  *
 *                                                             *
 * Ansys, Inc. is a UL registered                              *
 * ISO 9001:2015 company.                                      *
 *                                                             *
 ***************************************************************
 *                                                             *
 * This product is subject to U.S. laws governing export and   *
 * re-export.                                                  *
 *                                                             *
 * For U.S. Government users, except as specifically granted   *
 * by the Ansys, Inc. software license agreement, the use,     *
 * duplication, or disclosure by the United States Government  *
 * is subject to restrictions stated in the Ansys, Inc.        *
 * software license agreement and FAR 12.212 (for non-DOD      *
 * licenses).                                                  *
 *                                                             *
 ***************************************************************

 2024 R2 
     
 Point Releases and Patches installed:   
     
 Ansys, Inc. License Manager 2024 R2 
 Discovery 2024 R2   
 Core WB Files 2024 R2   
 SpaceClaim 2024 R2  
 Icepak (includes CFD-Post) 2024 R2  
 Ansys Dynamic Reporting 2024 R2 
 CFD-Post only 2024 R2   
 CFX (includes CFD-Post) 2024 R2 
 Chemkin 2024 R2 
 EnSight 2024 R2 
 FENSAP-ICE 2024 R2  
 Fluent (includes CFD-Post) 2024 R2  
 Polyflow (includes CFD-Post) 2024 R2
 Forte (includes EnSight) 2024 R2
 ICEM CFD 2024 R2
 TurboGrid 2024 R2   
 Speos 2024 R2   
 Speos HPC 2024 R2   
 Zemax OpticStudio 2024 R2   
 optiSLang 2024 R2   
 Remote Solve Manager Standalone Services 2024 R2
 Additive 2024 R2
 Aqwa 2024 R2
 Autodyn 2024 R2 
 Customization Files for User Programmable Features 2024 R2  
 LS-DYNA 2024 R2 
 Material Calibration App 2024 R2
 Mechanical Products 2024 R2 
 Motion 2024 R2  
 Sherlock 2024 R2
 Sound - SAS 2024 R2 
 ACIS Geometry Interface 2024 R2 
 AutoCAD Geometry Interface 2024 R2  
 Catia, Version 4 Geometry Interface 2024 R2 
 Catia, Version 5 Geometry Interface 2024 R2 
 Catia, Version 6 Geometry Interface 2024 R2 
 Creo Elements/Direct Modeling Geometry Interface 2024 R2
 Creo Parametric Geometry Interface 2024 R2  
 Inventor Geometry Interface 2024 R2 
 JTOpen Geometry Interface 2024 R2   
 NX Geometry Interface 2024 R2   
 Parasolid Geometry Interface  2024 R2   
 Solid Edge Geometry Interface 2024 R2   
 SOLIDWORKS Geometry Interface 2024 R2   


          *****  MAPDL COMMAND LINE ARGUMENTS  *****
  BATCH MODE REQUESTED (-b)    = NOLIST
  INPUT FILE COPY MODE (-c)    = COPY
  DISTRIBUTED MEMORY PARALLEL REQUESTED
       4 PARALLEL PROCESSES REQUESTED WITH SINGLE THREAD PER PROCESS
    TOTAL OF     4 CORES REQUESTED
  INPUT FILE NAME              = C:\Users\as4024\OneDrive - Imperial College London\Project Svarog\Project_Svarog\Composite Booms\_ProjectScratch\Scr3626\dummy.dat
  OUTPUT FILE NAME             = C:\Users\as4024\OneDrive - Imperial College London\Project Svarog\Project_Svarog\Composite Booms\_ProjectScratch\Scr3626\solve.out
  START-UP FILE MODE           = NOREAD
  STOP FILE MODE               = NOREAD

 RELEASE= 2024 R2              BUILD= 24.2      UP20240603   VERSION=WINDOWS x64 
 CURRENT JOBNAME=file0  17:33:42  NOV 03, 2025 CP=      0.000


 PARAMETER _DS_PROGRESS =     999.0000000    

 /INPUT FILE= ds.dat  LINE=       0



 *** NOTE ***                            CP =       0.109   TIME= 17:33:42
 The /CONFIG,NOELDB command is not valid in a distributed memory         
 parallel solution.  Command is ignored.                                 

 *GET  _WALLSTRT  FROM  ACTI  ITEM=TIME WALL  VALUE=  17.5616667    

 TITLE= 
 ACP Setup--Static Structural (B3)                                             

  ACT Extensions:
      LSDYNA, 2024.2
      5f463412-bd3e-484b-87e7-cbc0a665e474, wbex
 /COM,     ANSYSMotion, 2024.2
      20180725-3f81-49eb-9f31-41364844c769, wbex
  

 SET PARAMETER DIMENSIONS ON  _WB_PROJECTSCRATCH_DIR
  TYPE=STRI  DIMENSIONS=      248        1        1

 PARAMETER _WB_PROJECTSCRATCH_DIR(1) = C:\Users\as4024\OneDrive - Imperial College London\Project Svarog\Project_Svarog\Composite Booms\_ProjectScratch\Scr3626\

 SET PARAMETER DIMENSIONS ON  _WB_SOLVERFILES_DIR
  TYPE=STRI  DIMENSIONS=      248        1        1

 PARAMETER _WB_SOLVERFILES_DIR(1) = C:\Users\as4024\OneDrive - Imperial College London\Project Svarog\Project_Svarog\Composite Booms\ACP Setup_files\dp0\SYS-1\MECH\

 SET PARAMETER DIMENSIONS ON  _WB_USERFILES_DIR
  TYPE=STRI  DIMENSIONS=      248        1        1

 PARAMETER _WB_USERFILES_DIR(1) = C:\Users\as4024\OneDrive - Imperial College London\Project Svarog\Project_Svarog\Composite Booms\ACP Setup_files\user_files\
 --- Data in consistent MKS units. See Solving Units in the help system for more

 MKS UNITS SPECIFIED FOR INTERNAL    
  LENGTH        (l)  = METER (M)
  MASS          (M)  = KILOGRAM (KG)
  TIME          (t)  = SECOND (SEC)
  TEMPERATURE   (T)  = CELSIUS (C)
  TOFFSET            = 273.0
  CHARGE        (Q)  = COULOMB
  FORCE         (f)  = NEWTON (N) (KG-M/SEC2)
  HEAT               = JOULE (N-M)

  PRESSURE           = PASCAL (NEWTON/M**2)
  ENERGY        (W)  = JOULE (N-M)
  POWER         (P)  = WATT (N-M/SEC)
  CURRENT       (i)  = AMPERE (COULOMBS/SEC)
  CAPACITANCE   (C)  = FARAD
  INDUCTANCE    (L)  = HENRY
  MAGNETIC FLUX      = WEBER
  RESISTANCE    (R)  = OHM
  ELECTRIC POTENTIAL = VOLT

 INPUT  UNITS ARE ALSO SET TO MKS 

 *** MAPDL - ENGINEERING ANALYSIS SYSTEM  RELEASE 2024 R2          24.2     ***
 Ansys Mechanical Enterprise Academic Research     
 00420869  VERSION=WINDOWS x64   17:33:42  NOV 03, 2025 CP=      0.109

 ACP Setup--Static Structural (B3)                                             



          ***** MAPDL ANALYSIS DEFINITION (PREP7) *****
 *********** Nodes for the whole assembly ***********
 *********** Nodes for all Remote Points ***********
 *********** Elements for Body 1 'Geom\Surface(ACP (Pre))' ***********
 *********** Elements for Body 2 'Geom\Body1 - Midsurface1(ACP (Pre))' *********
 *********** Send User Defined Coordinate System(s) ***********
 *********** Set Reference Temperature ***********
 *********** Send Materials ***********
 *********** Send Sheet Properties ***********
 *********** Sending Coordinate Systems for External Layered Section***********
 *********** Sending Materials for External Layered Section***********
 *********** Send External Layered Section Properties ***********
 *********** Send Named Selection as Node Component ***********
 *********** Send Named Selection as Node Component ***********
 *********** Send Named Selection as Node Component ***********
 *********** Send Named Selection as Node Component ***********
 *********** Send Named Selection as Node Component ***********
 *********** Send Named Selection as Node Component ***********
 *********** Send Named Selection as Node Component ***********
 *********** Fixed Supports ***********
 *********** Create Remote Point "Internal Remote Point" ***********
 *********** Construct Moment Using Remote Attachment ***********


 ***** ROUTINE COMPLETED *****  CP =         0.156


 --- Number of total nodes = 21022
 --- Number of contact elements = 19000
 --- Number of spring elements = 0
 --- Number of bearing elements = 0
 --- Number of solid elements = 19000
 --- Number of condensed parts = 0
 --- Number of total elements = 38001

 *GET  _WALLBSOL  FROM  ACTI  ITEM=TIME WALL  VALUE=  17.5616667    
 ****************************************************************************
 *************************    SOLUTION       ********************************
 ****************************************************************************

 *****  MAPDL SOLUTION ROUTINE  *****


 PERFORM A STATIC ANALYSIS
  THIS WILL BE A NEW ANALYSIS

 PARAMETER _THICKRATIO =     0.000000000    

 USE SPARSE MATRIX DIRECT SOLVER

 CONTACT INFORMATION PRINTOUT LEVEL       1

 CHECK INITIAL OPEN/CLOSED STATUS OF SELECTED CONTACT ELEMENTS
      AND LIST DETAILED CONTACT PAIR INFORMATION

 SPLIT CONTACT SURFACES AT SOLVE PHASE

    NUMBER OF SPLITTING TBD BY PROGRAM

 DO NOT COMBINE ELEMENT MATRIX FILES (.emat) AFTER DISTRIBUTED PARALLEL SOLUTION

 DO NOT COMBINE ELEMENT SAVE DATA FILES (.esav) AFTER DISTRIBUTED PARALLEL SOLUTION

 NLDIAG: Nonlinear diagnostics CONT option is set to ON. 
         Writing frequency : each ITERATION.

 DO NOT SAVE ANY RESTART FILES AT ALL
 ****************************************************
 ******************* SOLVE FOR LS 1 OF 1 ****************

 SELECT       FOR ITEM=NODE COMPONENT=    
  IN RANGE     21022 TO      21022 STEP          1

          1  NODES (OF      21022  DEFINED) SELECTED BY  NSEL  COMMAND.

 SPECIFIED NODAL LOAD MX   FOR SELECTED NODES         1 TO    21022 BY        1
  REAL= 5.000000000E-02   IMAG=  0.00000000    

 SPECIFIED NODAL LOAD MY   FOR SELECTED NODES         1 TO    21022 BY        1
  REAL=  0.00000000       IMAG=  0.00000000    

 SPECIFIED NODAL LOAD MZ   FOR SELECTED NODES         1 TO    21022 BY        1
  REAL=  0.00000000       IMAG=  0.00000000    

 ALL SELECT   FOR ITEM=NODE COMPONENT=    
  IN RANGE         1 TO      21022 STEP          1

      21022  NODES (OF      21022  DEFINED) SELECTED BY NSEL  COMMAND.

 PRINTOUT RESUMED BY /GOP

 USE       1 SUBSTEPS INITIALLY THIS LOAD STEP FOR ALL  DEGREES OF FREEDOM
 FOR AUTOMATIC TIME STEPPING:
   USE      1 SUBSTEPS AS A MAXIMUM
   USE      1 SUBSTEPS AS A MINIMUM

 TIME=  1.0000    

 ERASE THE CURRENT DATABASE OUTPUT CONTROL TABLE.


 WRITE ALL  ITEMS TO THE DATABASE WITH A FREQUENCY OF NONE
   FOR ALL APPLICABLE ENTITIES

 WRITE NSOL ITEMS TO THE DATABASE WITH A FREQUENCY OF ALL 
   FOR ALL APPLICABLE ENTITIES

 WRITE RSOL ITEMS TO THE DATABASE WITH A FREQUENCY OF ALL 
   FOR ALL APPLICABLE ENTITIES

 WRITE EANG ITEMS TO THE DATABASE WITH A FREQUENCY OF ALL 
   FOR ALL APPLICABLE ENTITIES

 WRITE ETMP ITEMS TO THE DATABASE WITH A FREQUENCY OF ALL 
   FOR ALL APPLICABLE ENTITIES

 WRITE VENG ITEMS TO THE DATABASE WITH A FREQUENCY OF ALL 
   FOR ALL APPLICABLE ENTITIES

 WRITE STRS ITEMS TO THE DATABASE WITH A FREQUENCY OF ALL 
   FOR ALL APPLICABLE ENTITIES

 WRITE EPEL ITEMS TO THE DATABASE WITH A FREQUENCY OF ALL 
   FOR ALL APPLICABLE ENTITIES

 WRITE EPPL ITEMS TO THE DATABASE WITH A FREQUENCY OF ALL 
   FOR ALL APPLICABLE ENTITIES

 WRITE CONT ITEMS TO THE DATABASE WITH A FREQUENCY OF ALL 
   FOR ALL APPLICABLE ENTITIES

 *GET  ANSINTER_  FROM  ACTI  ITEM=INT        VALUE=  0.00000000    

 *IF  ANSINTER_  ( =   0.00000     )  NE  
      0  ( =   0.00000     )  THEN    

 *ENDIF

 *** NOTE ***                            CP =       0.156   TIME= 17:33:42
 The automatic domain decomposition logic has selected the MESH domain   
 decomposition method with 4 processes per solution.                     

 *****  MAPDL SOLVE    COMMAND  *****

 *** WARNING ***                         CP =       0.156   TIME= 17:33:42
 Element shape checking is currently inactive.  Issue SHPP,ON or         
 SHPP,WARN to reactivate, if desired.                                    

 *** NOTE ***                            CP =       0.156   TIME= 17:33:42
 The model data was checked and warning messages were found.             
  Please review output or errors file ( C:\Users\as4024\OneDrive -       
 Imperial College London\Project Svarog\Project_Svarog\Composite         
 Booms\_ProjectScratch\Scr3626\file0.err ) for these warning messages.   

 *** SELECTION OF ELEMENT TECHNOLOGIES FOR APPLICABLE ELEMENTS ***
      --- GIVE SUGGESTIONS AND RESET THE KEY OPTIONS ---

 ELEMENT TYPE         1 IS SHELL181. IT IS ASSOCIATED WITH ELASTOPLASTIC 
 MATERIALS ONLY. KEYOPT(8) IS ALREADY SET AS SUGGESTED. KEYOPT(3)=2 
 IS SUGGESTED FOR HIGHER ACCURACY OF MEMBRANE STRESSES; OTHERWISE,
 KEYOPT(3)=0 IS SUGGESTED. KEYOPT(3) CAN NOT BE RESET HERE. PLEASE RESET 
 IT MANUALLY IF NECESSARY.

 ELEMENT TYPE         2 IS SHELL181. IT IS ASSOCIATED WITH ELASTOPLASTIC 
 MATERIALS ONLY. KEYOPT(8) IS ALREADY SET AS SUGGESTED. KEYOPT(3)=2 
 IS SUGGESTED FOR HIGHER ACCURACY OF MEMBRANE STRESSES; OTHERWISE,
 KEYOPT(3)=0 IS SUGGESTED. KEYOPT(3) CAN NOT BE RESET HERE. PLEASE RESET 
 IT MANUALLY IF NECESSARY.



 *** MAPDL - ENGINEERING ANALYSIS SYSTEM  RELEASE 2024 R2          24.2     ***
 Ansys Mechanical Enterprise Academic Research     
 00420869  VERSION=WINDOWS x64   17:33:42  NOV 03, 2025 CP=      0.156

 ACP Setup--Static Structural (B3)                                             



                       S O L U T I O N   O P T I O N S

   PROBLEM DIMENSIONALITY. . . . . . . . . . . . .3-D                  
   DEGREES OF FREEDOM. . . . . . UX   UY   UZ   ROTX ROTY ROTZ
   ANALYSIS TYPE . . . . . . . . . . . . . . . . .STATIC (STEADY-STATE)
   OFFSET TEMPERATURE FROM ABSOLUTE ZERO . . . . .  273.15    
   EQUATION SOLVER OPTION. . . . . . . . . . . . .SPARSE             
   GLOBALLY ASSEMBLED MATRIX . . . . . . . . . . .SYMMETRIC  

 *** NOTE ***                            CP =       0.156   TIME= 17:33:42
 Poisson's ratio PR input has been converted to NU input.                

 *** NOTE ***                            CP =       0.172   TIME= 17:33:42
 The conditions for direct assembly have been met.  No .emat or .erot    
 files will be produced.                                                 

 TRIM CONTACT/TARGET SURFACE

 *** NOTE ***                            CP =       0.172   TIME= 17:33:42
 Internal nodes from 21023 to 21023 are created.                         
 1 internal nodes are used for handling degrees of freedom on pilot      
 nodes of rigid target surfaces.                                         

 *** NOTE ***                            CP =       0.172   TIME= 17:33:42
 Internal nodes from 21023 to 21023 are created.                         
 1 internal nodes are used for handling degrees of freedom on pilot      
 nodes of rigid target surfaces.                                         

 *** NOTE ***                            CP =       0.375   TIME= 17:33:43
 Smoothing on certain contact nodes (e.g.1005) for pair ID 9 may have    
 accuracy issue.  Please verify element normal of connected contact      
 elements (e.g.26002 & 33994).                                           
 START TRIMMING SMALL/BONDED CONTACT PAIRS FOR DMP RUN.                  

 CHECK INITIAL OPEN/CLOSED STATUS OF SELECTED CONTACT ELEMENTS
      AND LIST DETAILED CONTACT PAIR INFORMATION

 *** NOTE ***                            CP =       0.484   TIME= 17:33:43
 Internal nodes from 21023 to 21023 are created.                         
 1 internal nodes are used for handling degrees of freedom on pilot      
 nodes of rigid target surfaces.                                         

 *** NOTE ***                            CP =       0.531   TIME= 17:33:43
 Internal nodes from 21023 to 21023 are created.                         
 1 internal nodes are used for handling degrees of freedom on pilot      
 nodes of rigid target surfaces.                                         

 *** NOTE ***                            CP =       0.766   TIME= 17:33:43
 The maximum number of contact elements in any single contact pair is 0, 
 which is smaller than the optimal domain size of 2375 elements for the  
 given number of CPU domains (4).  Therefore, no contact pairs are       
 being split by the CNCH,DMP logic.                                      

 *** NOTE ***                            CP =       0.766   TIME= 17:33:43
 Internal nodes from 21023 to 21023 are created.                         
 1 internal nodes are used for handling degrees of freedom on pilot      
 nodes of rigid target surfaces.                                         

 *** NOTE ***                            CP =       0.781   TIME= 17:33:43
 Internal nodes from 21023 to 21023 are created.                         
 1 internal nodes are used for handling degrees of freedom on pilot      
 nodes of rigid target surfaces.                                         

 *** NOTE ***                            CP =       0.891   TIME= 17:33:43
 Smoothing on certain contact nodes (e.g.1005) for pair ID 9 may have    
 accuracy issue.  Please verify element normal of connected contact      
 elements (e.g.26002 & 33994).                                           

 *** NOTE ***                            CP =       1.016   TIME= 17:33:44
 Force-distributed-surface identified by real constant set 9 and         
 contact element type 9 has been set up.  The pilot node 21022 is used   
 to apply the force.  Internal MPC will be built.                        
 The used degrees of freedom set is  UX   UY   UZ   ROTX ROTY ROTZ
 Please verify constraints (including rotational degrees of freedom)
  on the pilot node by yourself.
 ****************************************
  
  
  

 *** NOTE ***                            CP =       1.016   TIME= 17:33:44
 Internal nodes from 21023 to 21023 are created.                         
 1 internal nodes are used for handling degrees of freedom on pilot      
 nodes of rigid target surfaces.                                         

 *** NOTE ***                            CP =       1.031   TIME= 17:33:44
 Only 1 process can be used for the distributed memory parallel solution 
 for this model due to the presence of the contact elements in this      
 particular model.  Distributed parallel processing has been             
 temporarily disabled.                                                   

                      L O A D   S T E P   O P T I O N S

   LOAD STEP NUMBER. . . . . . . . . . . . . . . .     1
   TIME AT END OF THE LOAD STEP. . . . . . . . . .  1.0000    
   NUMBER OF SUBSTEPS. . . . . . . . . . . . . . .     1
   STEP CHANGE BOUNDARY CONDITIONS . . . . . . . .    NO
   PRINT OUTPUT CONTROLS . . . . . . . . . . . . .NO PRINTOUT
   DATABASE OUTPUT CONTROLS
      ITEM     FREQUENCY   COMPONENT
       ALL       NONE               
      NSOL        ALL               
      RSOL        ALL               
      EANG        ALL               
      ETMP        ALL               
      VENG        ALL               
      STRS        ALL               
      EPEL        ALL               
      EPPL        ALL               
      CONT        ALL               


 SOLUTION MONITORING INFO IS WRITTEN TO FILE= file.mntr                                                                                                                                                                                                                                                           

 *** NOTE ***                            CP =       1.375   TIME= 17:33:44
 Smoothing on certain contact nodes (e.g.1005) for pair ID 9 may have    
 accuracy issue.  Please verify element normal of connected contact      
 elements (e.g.26002 & 33994).                                           

 *** NOTE ***                            CP =       1.438   TIME= 17:33:44
 Force-distributed-surface identified by real constant set 9 and         
 contact element type 9 has been set up.  The pilot node 21022 is used   
 to apply the force.  Internal MPC will be built.                        
 The used degrees of freedom set is  UX   UY   UZ   ROTX ROTY ROTZ
 Please verify constraints (including rotational degrees of freedom)
  on the pilot node by yourself.
 ****************************************
  
  
  

 *** NOTE ***                            CP =       1.438   TIME= 17:33:44
 Predictor is ON by default for structural elements with rotational      
 degrees of freedom.  Use the PRED,OFF command to turn the predictor     
 OFF if it adversely affects the convergence.                            


 *** WARNING ***                         CP =       1.484   TIME= 17:33:44
 Too many nodes 21022 are included in the force-distributed-surface      
 constraint identified by real constant set 9.  This may greatly affect  
 solver performance due to large wave fronts and memory consumption.     
 Also check results carefully and consider solving with a different      
 unit system.                                                            

 *** ERROR ***                           CP =       1.547   TIME= 17:33:45
 This model has one or more constraint equations that has 42026 terms.   
 This will lead to significantly higher memory requirements and          
 solution times.  At this point the solution will be terminated.  If     
 you wish to bypass this message to allow the solution to continue with  
 increased solution time and memory requirements, use the CEFILTER,OFF   
 command.                                                                

 *** NOTE ***                            CP =       2.750   TIME= 17:33:46
 Distributed parallel processing has been reactivated.                   


 NUMBER OF WARNING MESSAGES ENCOUNTERED=          2
 NUMBER OF ERROR   MESSAGES ENCOUNTERED=          1



 ***** PROBLEM TERMINATED BY INDICATED ERROR(S) OR BY END OF INPUT DATA *****

+--------------------- M A P D L   S T A T I S T I C S ------------------------+

Release: 2024 R2            Build: 24.2       Update: UP20240603   Platform: WINDOWS x64 
Date Run: 11/03/2025   Time: 17:33     Process ID: 17328
Operating System: Windows 11  (Build: 22631)

Processor Model: 13th Gen Intel(R) Core(TM) i7-13700

Compiler: Intel(R) Fortran Compiler Classic Version 2021.9  (Build: 20230302)
          Intel(R) C/C++ Compiler Classic Version 2021.9  (Build: 20230302)
          Intel(R) oneAPI Math Kernel Library Version 2023.1-Product Build 20230303

Number of machines requested            :    1
Total number of cores available         :   24
Number of physical cores available      :   16
Number of processes requested           :    4
Number of threads per process requested :    1
Total number of cores requested         :    4 (Distributed Memory Parallel)               
MPI Type: INTELMPI
MPI Version: Intel(R) MPI Library 2021.11 for Windows* OS


GPU Acceleration: Not Requested

Job Name: file0
Input File: dummy.dat

  Core                Machine Name   Working Directory
 -----------------------------------------------------
     0                 sklb-l5-041   C:\Users\as4024\OneDrive - Imperial College London\Project Svarog\Project_Svarog\Composite Booms\_ProjectScratch\Scr3626
     1                 sklb-l5-041   C:\Users\as4024\OneDrive - Imperial College London\Project Svarog\Project_Svarog\Composite Booms\_ProjectScratch\Scr3626
     2                 sklb-l5-041   C:\Users\as4024\OneDrive - Imperial College London\Project Svarog\Project_Svarog\Composite Booms\_ProjectScratch\Scr3626
     3                 sklb-l5-041   C:\Users\as4024\OneDrive - Imperial College London\Project Svarog\Project_Svarog\Composite Booms\_ProjectScratch\Scr3626
 
Latency time from master to core     1 =    1.445 microseconds
Latency time from master to core     2 =    1.598 microseconds
Latency time from master to core     3 =    1.462 microseconds
 
Communication speed from master to core     1 = 13125.30 MB/sec
Communication speed from master to core     2 = 15161.28 MB/sec
Communication speed from master to core     3 = 13659.80 MB/sec

Total CPU time for main thread                    :        2.9 seconds
Total CPU time summed for all threads             :        2.8 seconds

Elapsed time spent obtaining a license            :        0.5 seconds
Elapsed time spent pre-processing model (/PREP7)  :        0.2 seconds
Elapsed time spent solution - preprocessing       :        1.6 seconds
Elapsed time spent computing solution             :        0.9 seconds
Elapsed time spent solution - postprocessing      :        0.0 seconds
Elapsed time spent post-processing model (/POST1) :        0.0 seconds
 
Equation solver used                              :            Sparse (symmetric)

Sum of disk space used on all processes           :        5.5 MB

Sum of memory used on all processes               :      216.0 MB
Sum of memory allocated on all processes          :     2880.0 MB
Physical memory available                         :         16 GB
Total amount of I/O written to disk               :        0.0 GB
Total amount of I/O read from disk                :        0.0 GB

+------------------ E N D   M A P D L   S T A T I S T I C S -------------------+


 *-----------------------------------------------------------------------------*
 |                                                                             |
 |                               RUN COMPLETED                                 |
 |                                                                             |
 |-----------------------------------------------------------------------------|
 |                                                                             |
 |  Ansys MAPDL 2024 R2         Build 24.2         UP20240603    WINDOWS x64   |
 |                                                                             |
 |-----------------------------------------------------------------------------|
 |                                                                             |
 |  Database Requested(-db)     1024 MB     Scratch Memory Requested   1024 MB |
 |  Max Database Used(Master)     64 MB     Max Scratch Used(Master)    134 MB |
 |  Max Database Used(Workers)     1 MB     Max Scratch Used(Workers)     5 MB |
 |  Sum Database Used(All)        67 MB     Sum Scratch Used(All)       149 MB |
 |                                                                             |
 |-----------------------------------------------------------------------------|
 |                                                                             |
 |        CP Time      (sec) =          2.750       Time  =  17:33:46          |
 |        Elapsed Time (sec) =          6.000       Date  =  11/03/2025        |
 |                                                                             |
 *-----------------------------------------------------------------------------*
